1780531508.718687 [77]       pose: config: Domain/General/MulticastRecvNetworkInterfaceAddresses/#text: preferred {}
1780531508.718714 [77]       pose: config: Domain/General/Interfaces/NetworkInterface[@autodetermine]: false {}
1780531508.718720 [77]       pose: config: Domain/General/Interfaces/NetworkInterface[@name]: enp86s0 {0}
1780531508.718724 [77]       pose: config: Domain/General/Interfaces/NetworkInterface[@address]:  {}
1780531508.718728 [77]       pose: config: Domain/General/Interfaces/NetworkInterface[@priority]: default {}
1780531508.718732 [77]       pose: config: Domain/General/Interfaces/NetworkInterface[@prefer_multicast]: false {}
1780531508.718736 [77]       pose: config: Domain/General/Interfaces/NetworkInterface[@presence_required]: true {}
1780531508.718740 [77]       pose: config: Domain/General/Interfaces/NetworkInterface[@multicast]: default {}
1780531508.718744 [77]       pose: config: Domain/General/ExternalNetworkAddress/#text: auto {}
1780531508.718747 [77]       pose: config: Domain/General/ExternalNetworkMask/#text: 0.0.0.0 {}
1780531508.718751 [77]       pose: config: Domain/General/AllowMulticast/#text: false {0}
1780531508.718755 [77]       pose: config: Domain/General/MulticastTimeToLive/#text: 32 {}
1780531508.718759 [77]       pose: config: Domain/General/DontRoute/#text: false {}
1780531508.718762 [77]       pose: config: Domain/General/Transport/#text: udp {}
1780531508.718766 [77]       pose: config: Domain/General/EnableMulticastLoopback/#text: true {}
1780531508.718770 [77]       pose: config: Domain/General/MaxMessageSize/#text: 14720 B {}
1780531508.718774 [77]       pose: config: Domain/General/MaxRexmitMessageSize/#text: 1456 B {}
1780531508.718778 [77]       pose: config: Domain/General/FragmentSize/#text: 1344 B {}
1780531508.718781 [77]       pose: config: Domain/General/RedundantNetworking/#text: false {}
1780531508.718785 [77]       pose: config: Domain/General/EntityAutoNaming/#text: empty {}
1780531508.718790 [77]       pose: config: Domain/General/EntityAutoNaming[@seed]: 4903834 2499991318 2585752349 2329953503 3335176768 3456270440 3510467001 3473618066 {}
1780531508.718795 [77]       pose: config: Domain/Sizing/ReceiveBufferSize/#text: 1 MiB {}
1780531508.718799 [77]       pose: config: Domain/Sizing/ReceiveBufferChunkSize/#text: 128 KiB {}
1780531508.718803 [77]       pose: config: Domain/Compatibility/StandardsConformance/#text: lax {}
1780531508.718806 [77]       pose: config: Domain/Compatibility/ExplicitlyPublishQosSetToDefault/#text: false {}
1780531508.718810 [77]       pose: config: Domain/Compatibility/ManySocketsMode/#text: single {}
1780531508.718814 [77]       pose: config: Domain/Compatibility/AssumeRtiHasPmdEndpoints/#text: false {}
1780531508.718818 [77]       pose: config: Domain/Discovery/Tag/#text:  {}
1780531508.718821 [77]       pose: config: Domain/Discovery/ExternalDomainId/#text: 77 {}
1780531508.718825 [77]       pose: config: Domain/Discovery/DSGracePeriod/#text: 30 s {}
1780531508.718830 [77]       pose: config: Domain/Discovery/Peers/Peer[@Address]: 192.168.4.100 {0}
1780531508.718834 [77]       pose: config: Domain/Discovery/Peers/Peer[@Address]: 192.168.4.102 {0}
1780531508.718838 [77]       pose: config: Domain/Discovery/ParticipantIndex/#text: auto {0}
1780531508.718842 [77]       pose: config: Domain/Discovery/MaxAutoParticipantIndex/#text: 120 {0}
1780531508.718845 [77]       pose: config: Domain/Discovery/SPDPMulticastAddress/#text: 239.255.0.1 {}
1780531508.718849 [77]       pose: config: Domain/Discovery/SPDPInterval/#text: 30 s {}
1780531508.718853 [77]       pose: config: Domain/Discovery/DefaultMulticastAddress/#text: auto {}
1780531508.718857 [77]       pose: config: Domain/Discovery/Ports/Base/#text: 7400 {}
1780531508.718861 [77]       pose: config: Domain/Discovery/Ports/DomainGain/#text: 250 {}
1780531508.718865 [77]       pose: config: Domain/Discovery/Ports/ParticipantGain/#text: 2 {}
1780531508.718869 [77]       pose: config: Domain/Discovery/Ports/MulticastMetaOffset/#text: 0 {}
1780531508.718873 [77]       pose: config: Domain/Discovery/Ports/UnicastMetaOffset/#text: 10 {}
1780531508.718881 [77]       pose: config: Domain/Discovery/Ports/MulticastDataOffset/#text: 1 {}
1780531508.718885 [77]       pose: config: Domain/Discovery/Ports/UnicastDataOffset/#text: 11 {}
1780531508.718889 [77]       pose: config: Domain/Discovery/EnableTopicDiscoveryEndpoints/#text: false {}
1780531508.718893 [77]       pose: config: Domain/Discovery/LeaseDuration/#text: 10 s {}
1780531508.718902 [77]       pose: config: Domain/Tracing/Category/#text: fatal,error,warning,info,config {0}
1780531508.718906 [77]       pose: config: Domain/Tracing/OutputFile/#text: cyclonedds.log {}
1780531508.718910 [77]       pose: config: Domain/Tracing/AppendToFile/#text: false {}
1780531508.718913 [77]       pose: config: Domain/Tracing/PacketCaptureFile/#text:  {}
1780531508.718917 [77]       pose: config: Domain/Internal/DeliveryQueueMaxSamples/#text: 256 {}
1780531508.718921 [77]       pose: config: Domain/Internal/PrimaryReorderMaxSamples/#text: 128 {}
1780531508.718924 [77]       pose: config: Domain/Internal/SecondaryReorderMaxSamples/#text: 128 {}
1780531508.718928 [77]       pose: config: Domain/Internal/DefragUnreliableMaxSamples/#text: 4 {}
1780531508.718932 [77]       pose: config: Domain/Internal/DefragReliableMaxSamples/#text: 16 {}
1780531508.718935 [77]       pose: config: Domain/Internal/BuiltinEndpointSet/#text: writers {}
1780531508.718939 [77]       pose: config: Domain/Internal/MeasureHbToAckLatency/#text: false {}
1780531508.718943 [77]       pose: config: Domain/Internal/UnicastResponseToSPDPMessages/#text: true {}
1780531508.718946 [77]       pose: config: Domain/Internal/SynchronousDeliveryPriorityThreshold/#text: 0 {}
1780531508.718950 [77]       pose: config: Domain/Internal/SynchronousDeliveryLatencyBound/#text: inf {}
1780531508.718954 [77]       pose: config: Domain/Internal/MaxParticipants/#text: 0 {}
1780531508.718958 [77]       pose: config: Domain/Internal/AccelerateRexmitBlockSize/#text: 0 {}
1780531508.718961 [77]       pose: config: Domain/Internal/RetransmitMerging/#text: never {}
1780531508.718965 [77]       pose: config: Domain/Internal/RetransmitMergingPeriod/#text: 5 ms {}
1780531508.718969 [77]       pose: config: Domain/Internal/HeartbeatInterval/#text: 100 ms {}
1780531508.718973 [77]       pose: config: Domain/Internal/HeartbeatInterval[@min]: 5 ms {}
1780531508.718977 [77]       pose: config: Domain/Internal/HeartbeatInterval[@minsched]: 20 ms {}
1780531508.718980 [77]       pose: config: Domain/Internal/HeartbeatInterval[@max]: 8 s {}
1780531508.718984 [77]       pose: config: Domain/Internal/MaxQueuedRexmitBytes/#text: 512 KiB {}
1780531508.718988 [77]       pose: config: Domain/Internal/MaxQueuedRexmitMessages/#text: 200 {}
1780531508.718991 [77]       pose: config: Domain/Internal/WriterLingerDuration/#text: 1 s {}
1780531508.718996 [77]       pose: config: Domain/Internal/SocketReceiveBufferSize[@min]: 10 MiB {0}
1780531508.718999 [77]       pose: config: Domain/Internal/SocketReceiveBufferSize[@max]: default {}
1780531508.719003 [77]       pose: config: Domain/Internal/SocketSendBufferSize[@min]: 64 KiB {}
1780531508.719007 [77]       pose: config: Domain/Internal/SocketSendBufferSize[@max]: default {}
1780531508.719011 [77]       pose: config: Domain/Internal/NackDelay/#text: 100 ms {}
1780531508.719014 [77]       pose: config: Domain/Internal/AckDelay/#text: 10 ms {}
1780531508.719018 [77]       pose: config: Domain/Internal/AutoReschedNackDelay/#text: 3 s {}
1780531508.719022 [77]       pose: config: Domain/Internal/PreEmptiveAckDelay/#text: 10 ms {}
1780531508.719025 [77]       pose: config: Domain/Internal/ScheduleTimeRounding/#text: 0 s {}
1780531508.719029 [77]       pose: config: Domain/Internal/DDSI2DirectMaxThreads/#text: 1 {}
1780531508.719032 [77]       pose: config: Domain/Internal/SquashParticipants/#text: false {}
1780531508.719036 [77]       pose: config: Domain/Internal/SPDPResponseMaxDelay/#text: 0 s {}
1780531508.719039 [77]       pose: config: Domain/Internal/LateAckMode/#text: false {}
1780531508.719043 [77]       pose: config: Domain/Internal/RetryOnRejectBestEffort/#text: false {}
1780531508.719050 [77]       pose: config: Domain/Internal/GenerateKeyhash/#text: false {}
1780531508.719053 [77]       pose: config: Domain/Internal/MaxSampleSize/#text: 2147483647 B {}
1780531508.719057 [77]       pose: config: Domain/Internal/LivelinessMonitoring/#text: false {}
1780531508.719061 [77]       pose: config: Domain/Internal/LivelinessMonitoring[@StackTraces]: true {}
1780531508.719065 [77]       pose: config: Domain/Internal/LivelinessMonitoring[@Interval]: 1 s {}
1780531508.719068 [77]       pose: config: Domain/Internal/MonitorPort/#text: -1 {}
1780531508.719072 [77]       pose: config: Domain/Internal/PrioritizeRetransmit/#text: true {}
1780531508.719076 [77]       pose: config: Domain/Internal/UseMulticastIfMreqn/#text: 0 {}
1780531508.719079 [77]       pose: config: Domain/Internal/RediscoveryBlacklistDuration/#text: 0 s {}
1780531508.719083 [77]       pose: config: Domain/Internal/RediscoveryBlacklistDuration[@enforce]: false {}
1780531508.719087 [77]       pose: config: Domain/Internal/MultipleReceiveThreads/#text: default {}
1780531508.719091 [77]       pose: config: Domain/Internal/MultipleReceiveThreads[@maxretries]: 4294967295 {}
1780531508.719095 [77]       pose: config: Domain/Internal/Test/XmitLossiness/#text: 0 {}
1780531508.719099 [77]       pose: config: Domain/Internal/Watermarks/WhcLow/#text: 1 KiB {}
1780531508.719103 [77]       pose: config: Domain/Internal/Watermarks/WhcHigh/#text: 500 KiB {0}
1780531508.719107 [77]       pose: config: Domain/Internal/Watermarks/WhcHighInit/#text: 30 KiB {}
1780531508.719111 [77]       pose: config: Domain/Internal/Watermarks/WhcAdaptive/#text: true {}
1780531508.719115 [77]       pose: config: Domain/Internal/BurstSize/MaxRexmit/#text: 1 MiB {}
1780531508.719119 [77]       pose: config: Domain/Internal/BurstSize/MaxInitTransmit/#text: 4294967295 {}
1780531508.719123 [77]       pose: config: Domain/Internal/EnableExpensiveChecks/#text:  {}
1780531508.719127 [77]       pose: config: Domain/TCP/NoDelay/#text: true {}
1780531508.719130 [77]       pose: config: Domain/TCP/Port/#text: -1 {}
1780531508.719134 [77]       pose: config: Domain/TCP/ReadTimeout/#text: 2 s {}
1780531508.719138 [77]       pose: config: Domain/TCP/WriteTimeout/#text: 2 s {}
1780531508.719142 [77]       pose: config: Domain/TCP/AlwaysUsePeeraddrForUnicast/#text: false {}
1780531508.719145 [77]       pose: config: Domain/SSL/Enable/#text: false {}
1780531508.719149 [77]       pose: config: Domain/SSL/CertificateVerification/#text: true {}
1780531508.719153 [77]       pose: config: Domain/SSL/VerifyClient/#text: true {}
1780531508.719156 [77]       pose: config: Domain/SSL/SelfSignedCertificates/#text: false {}
1780531508.719160 [77]       pose: config: Domain/SSL/KeystoreFile/#text: keystore {}
1780531508.719164 [77]       pose: config: Domain/SSL/KeyPassphrase/#text: secret {}
1780531508.719167 [77]       pose: config: Domain/SSL/Ciphers/#text: ALL:!ADH:!LOW:!EXP:!MD5:@STRENGTH {}
1780531508.719171 [77]       pose: config: Domain/SSL/EntropyFile/#text:  {}
1780531508.719175 [77]       pose: config: Domain/SSL/MinimumTLSVersion/#text: 1.3 {}
1780531508.719179 [77]       pose: config: Domain/SharedMemory/Enable/#text: false {}
1780531508.719182 [77]       pose: config: Domain/SharedMemory/Locator/#text:  {}
1780531508.719186 [77]       pose: config: Domain/SharedMemory/Prefix/#text: DDS_CYCLONE {}
1780531508.719190 [77]       pose: config: Domain/SharedMemory/LogLevel/#text: info {}
1780531508.719193 [77]       pose: config: Domain[@Id]: 77 {}
1780531508.719218 [77]       pose: started at 1780531508.06719200 -- 2026-06-03 21:05:08-03:00
1780531508.719222 [77]       pose: udp initialized
1780531508.720198 [77]       pose: interfaces: lo udp/127.0.0.1(q1) enp86s0 udp/192.168.4.100(q9) wlo1 wireless udp/192.168.1.143(q9)
1780531508.720212 [77]       pose: selected interfaces: enp86s0 (index 2 priority 0)
1780531508.720229 [77]       pose: ownip: udp/192.168.4.100
1780531508.720231 [77]       pose: extmask: invalid/0 (not applicable)
1780531508.720258 [77]       pose: SPDP MC: udp/239.255.0.1
1780531508.720260 [77]       pose: default MC: udp/239.255.0.1
1780531508.720261 [77]       pose: SSM support included
1780531508.720365 [77]       pose: rtps_init: trying to find a free participant index
1780531508.720391 [77]       pose: socket receive buffer size set to 20971520 bytes
1780531508.720409 [77]       pose: socket receive buffer size set to 20971520 bytes
1780531508.720415 [77]       pose: socket receive buffer size set to 20971520 bytes
1780531508.720421 [77]       pose: socket receive buffer size set to 20971520 bytes
1780531508.720428 [77]       pose: socket receive buffer size set to 20971520 bytes
1780531508.720433 [77]       pose: socket receive buffer size set to 20971520 bytes
1780531508.720439 [77]       pose: socket receive buffer size set to 20971520 bytes
1780531508.720446 [77]       pose: socket receive buffer size set to 20971520 bytes
1780531508.720453 [77]       pose: socket receive buffer size set to 20971520 bytes
1780531508.720459 [77]       pose: socket receive buffer size set to 20971520 bytes
1780531508.720466 [77]       pose: socket receive buffer size set to 20971520 bytes
1780531508.720473 [77]       pose: socket receive buffer size set to 20971520 bytes
1780531508.720480 [77]       pose: socket receive buffer size set to 20971520 bytes
1780531508.720487 [77]       pose: socket receive buffer size set to 20971520 bytes
1780531508.720494 [77]       pose: socket receive buffer size set to 20971520 bytes
1780531508.720500 [77]       pose: socket receive buffer size set to 20971520 bytes
1780531508.720506 [77]       pose: socket receive buffer size set to 20971520 bytes
1780531508.720512 [77]       pose: socket receive buffer size set to 20971520 bytes
1780531508.720519 [77]       pose: socket receive buffer size set to 20971520 bytes
1780531508.720526 [77]       pose: socket receive buffer size set to 20971520 bytes
1780531508.720533 [77]       pose: socket receive buffer size set to 20971520 bytes
1780531508.720544 [77]       pose: socket receive buffer size set to 20971520 bytes
1780531508.720548 [77]       pose: rtps_init: uc ports: disc 26700 data 26701
1780531508.720551 [77]       pose: rtps_init: domainid 77 participantid 21
1780531508.720554 [77]       pose: Unicast Ports: discovery 26700 data 26701
1780531508.720560 [77]       pose: socket receive buffer size set to 20971520 bytes
1780531508.720565 [77]       pose: interface enp86s0: transmit port 48507
1780531508.720639 [77]       pose: add_peer_addresses: add udp/192.168.4.100:26660, :26662, :26664, :26666, :26668, :26670, :26672, :26674, :26676, :26678, :26680, :26682, :26684, :26686, :26688, :26690, :26692, :26694, :26696, :26698, :26700, :26702, :26704, :26706, :26708, :26710, :26712, :26714, :26716, :26718, :26720, :26722, :26724, :26726, :26728, :26730, :26732, :26734, :26736, :26738, :26740, :26742, :26744, :26746, :26748, :26750, :26752, :26754, :26756, :26758, :26760, :26762, :26764, :26766, :26768, :26770, :26772, :26774, :26776, :26778, :26780, :26782, :26784, :26786, :26788, :26790, :26792, :26794, :26796, :26798, :26800, :26802, :26804, :26806, :26808, :26810, :26812, :26814, :26816, :26818, :26820, :26822, :26824, :26826, :26828, :26830, :26832, :26834, :26836, :26838, :26840, :26842, :26844, :26846, :26848, :26850, :26852, :26854, :26856, :26858, :26860, :26862, :26864, :26866, :26868, :26870, :26872, :26874, :26876, :26878, :26880, :26882, :26884, :26886, :26888, :26890, :26892, :26894, :26896, :26898
1780531508.720703 [77]       pose: add_peer_addresses: add udp/192.168.4.102:26660, :26662, :26664, :26666, :26668, :26670, :26672, :26674, :26676, :26678, :26680, :26682, :26684, :26686, :26688, :26690, :26692, :26694, :26696, :26698, :26700, :26702, :26704, :26706, :26708, :26710, :26712, :26714, :26716, :26718, :26720, :26722, :26724, :26726, :26728, :26730, :26732, :26734, :26736, :26738, :26740, :26742, :26744, :26746, :26748, :26750, :26752, :26754, :26756, :26758, :26760, :26762, :26764, :26766, :26768, :26770, :26772, :26774, :26776, :26778, :26780, :26782, :26784, :26786, :26788, :26790, :26792, :26794, :26796, :26798, :26800, :26802, :26804, :26806, :26808, :26810, :26812, :26814, :26816, :26818, :26820, :26822, :26824, :26826, :26828, :26830, :26832, :26834, :26836, :26838, :26840, :26842, :26844, :26846, :26848, :26850, :26852, :26854, :26856, :26858, :26860, :26862, :26864, :26866, :26868, :26870, :26872, :26874, :26876, :26878, :26880, :26882, :26884, :26886, :26888, :26890, :26892, :26894, :26896, :26898
